[06:18:36] harness run: 70 to do (14 cases x 5), 0 done
[06:18:36] start pico-001-r1 [django__django-11885]
[06:18:36] start pico-001-r2 [django__django-11885]
[06:18:36] start pico-001-r3 [django__django-11885]
[06:18:36] start pico-001-r4 [django__django-11885]
[06:18:36] start pico-001-r5 [django__django-11885]
[06:18:36] start pico-002-r1 [astropy__astropy-13398]
I0826 06:19:49.902746 3364671 fork_posix.cc:71] Other threads are currently calling into gRPC, skipping fork() handlers
I0826 06:20:33.167529 3378433 ev_poll_posix.cc:593] FD from fork parent still in poll list: fd(19, generation: 1)
[06:29:23] done pico-001-r1 [1/70] done 647s accept_post=0
[06:29:23] start pico-002-r2 [astropy__astropy-13398]
[06:30:40] done pico-002-r1 [2/70] done 723s accept_post=2
[06:30:40] start pico-002-r3 [astropy__astropy-13398]
[06:30:49] done pico-001-r5 [3/70] done 732s accept_post=0
[06:30:49] start pico-002-r4 [astropy__astropy-13398]
[06:31:24] done pico-001-r3 [4/70] done 767s accept_post=2
[06:31:24] start pico-002-r5 [astropy__astropy-13398]
[06:31:25] done pico-001-r2 [5/70] done 769s accept_post=0
[06:31:25] start pico-004-r1 [django__django-15252]
I0826 06:31:46.857950 3364671 fork_posix.cc:71] Other threads are currently calling into gRPC, skipping fork() handlers
[06:33:33] done pico-001-r4 [6/70] done 896s accept_post=0
[06:33:33] start pico-004-r2 [django__django-15252]
I0826 06:37:29.977624 3364671 fork_posix.cc:71] Other threads are currently calling into gRPC, skipping fork() handlers
[06:40:53] done pico-002-r2 [7/70] done 690s accept_post=2
[06:40:53] start pico-004-r3 [django__django-15252]
[06:42:15] done pico-002-r4 [8/70] stopped after max_spend_tokens without a final answer 686s accept_post=0
[06:42:15] start pico-004-r4 [django__django-15252]
[06:43:05] done pico-002-r3 [9/70] stopped after max_spend_tokens without a final answer 745s accept_post=0
[06:43:05] start pico-004-r5 [django__django-15252]
[06:45:00] done pico-002-r5 [10/70] stopped after max_spend_tokens without a final answer 816s accept_post=0
[06:45:00] start pico-005-r1 [matplotlib__matplotlib-24870]
I0826 06:48:19.776480 3364671 fork_posix.cc:71] Other threads are currently calling into gRPC, skipping fork() handlers
I0826 06:48:19.782165 3520180 ev_poll_posix.cc:593] FD from fork parent still in poll list: fd(7, generation: 1)
[06:49:48] done pico-004-r2 [11/70] stopped after max_spend_tokens without a final answer 975s accept_post=1
[06:49:48] start pico-005-r2 [matplotlib__matplotlib-24870]
[06:54:30] done pico-005-r1 [12/70] done 570s accept_post=1
[06:54:30] start pico-005-r3 [matplotlib__matplotlib-24870]
[06:56:09] done pico-004-r4 [13/70] done 834s accept_post=0
[06:56:09] start pico-005-r4 [matplotlib__matplotlib-24870]
[06:57:32] done pico-004-r3 [14/70] stopped after max_spend_tokens without a final answer 999s accept_post=0
[06:57:32] start pico-005-r5 [matplotlib__matplotlib-24870]
[07:00:54] done pico-004-r5 [15/70] stopped after max_spend_tokens without a final answer 1070s accept_post=0
[07:00:54] start pico-006-r1 [mwaskom__seaborn-3187]
[07:02:16] done pico-005-r2 [16/70] done 748s accept_post=1
[07:02:16] start pico-006-r2 [mwaskom__seaborn-3187]
[07:04:08] done pico-005-r5 [17/70] done 396s accept_post=1
[07:04:08] start pico-006-r3 [mwaskom__seaborn-3187]
[07:05:36] done pico-005-r4 [18/70] done 566s accept_post=1
[07:05:36] start pico-006-r4 [mwaskom__seaborn-3187]
[07:05:53] done pico-005-r3 [19/70] done 683s accept_post=0
[07:05:53] start pico-006-r5 [mwaskom__seaborn-3187]
[07:06:00] done pico-004-r1 [20/70] stopped after max_spend_tokens without a final answer 2075s accept_post=0
[07:06:00] start pico-007-r1 [django__django-11477]
I0826 07:06:40.689418 3364671 fork_posix.cc:71] Other threads are currently calling into gRPC, skipping fork() handlers
I0826 07:07:08.197103 3597433 ev_poll_posix.cc:593] FD from fork parent still in poll list: fd(3, generation: 1)
I0826 07:08:15.082854 3602565 ev_poll_posix.cc:593] FD from fork parent still in poll list: fd(3, generation: 1)
[07:12:45] done pico-006-r2 [21/70] done 629s accept_post=0
[07:12:45] start pico-007-r2 [django__django-11477]
[07:15:56] done pico-007-r1 [22/70] done 596s accept_post=0
[07:15:56] start pico-007-r3 [django__django-11477]
[07:16:15] done pico-006-r5 [23/70] done 622s accept_post=1
[07:16:15] start pico-007-r4 [django__django-11477]
[07:17:23] done pico-006-r1 [24/70] done 989s accept_post=0
[07:17:23] start pico-007-r5 [django__django-11477]
[07:18:07] done pico-007-r2 [25/70] done 322s accept_post=0
[07:18:07] start pico-008-r1 [pydata__xarray-6938]
[07:18:22] done pico-006-r4 [26/70] done 766s accept_post=0
[07:18:22] start pico-008-r2 [pydata__xarray-6938]
[07:21:12] done pico-008-r2 [27/70] done 170s accept_post=0
[07:21:12] start pico-008-r3 [pydata__xarray-6938]
[07:21:36] done pico-006-r3 [28/70] done 1049s accept_post=0
[07:21:36] start pico-008-r4 [pydata__xarray-6938]
[07:22:14] done pico-007-r5 [29/70] done 291s accept_post=0
[07:22:14] start pico-008-r5 [pydata__xarray-6938]
[07:22:20] done pico-007-r3 [30/70] done 383s accept_post=0
[07:22:20] start pico-009-r1 [django__django-15098]
[07:22:42] done pico-007-r4 [31/70] done 388s accept_post=0
[07:22:42] start pico-009-r2 [django__django-15098]
[07:24:24] done pico-008-r3 [32/70] done 192s accept_post=0
[07:24:24] start pico-009-r3 [django__django-15098]
[07:25:07] done pico-008-r1 [33/70] done 420s accept_post=0
[07:25:07] start pico-009-r4 [django__django-15098]
[07:28:07] done pico-008-r4 [34/70] done 390s accept_post=0
[07:28:07] start pico-009-r5 [django__django-15098]
[07:32:47] done pico-009-r3 [35/70] done 502s accept_post=0
[07:32:47] start pico-011-r1 [sympy__sympy-13798]
[07:33:16] done pico-008-r5 [36/70] done 662s accept_post=0
[07:33:16] start pico-011-r2 [sympy__sympy-13798]
[07:34:03] done pico-011-r1 [37/70] done 76s accept_post=0
[07:34:03] start pico-011-r3 [sympy__sympy-13798]
[07:34:10] done pico-009-r1 [38/70] done 710s accept_post=0
[07:34:10] start pico-011-r4 [sympy__sympy-13798]
[07:34:31] done pico-011-r2 [39/70] done 75s accept_post=0
[07:34:31] start pico-011-r5 [sympy__sympy-13798]
[07:35:10] done pico-011-r4 [40/70] done 61s accept_post=0
[07:35:10] start pico-012-r1 [pylint-dev__pylint-4970]
I0826 07:35:24.928891 3364671 fork_posix.cc:71] Other threads are currently calling into gRPC, skipping fork() handlers
[07:35:42] done pico-011-r3 [41/70] done 99s accept_post=0
[07:35:42] start pico-012-r2 [pylint-dev__pylint-4970]
[07:37:23] done pico-009-r4 [42/70] stopped after max_spend_tokens without a final answer 736s accept_post=0
[07:37:23] start pico-012-r3 [pylint-dev__pylint-4970]
[07:37:48] done pico-009-r2 [43/70] stopped after max_spend_tokens without a final answer 906s accept_post=0
[07:37:48] start pico-012-r4 [pylint-dev__pylint-4970]
I0826 07:37:48.919521 3364671 fork_posix.cc:71] Other threads are currently calling into gRPC, skipping fork() handlers
[07:37:51] done pico-011-r5 [44/70] done 199s accept_post=0
[07:37:51] start pico-012-r5 [pylint-dev__pylint-4970]
[07:41:59] done pico-009-r5 [45/70] stopped after max_spend_tokens without a final answer 832s accept_post=0
[07:41:59] start pico-014-r1 [django__django-13401]
I0826 07:43:17.450903 3364671 fork_posix.cc:71] Other threads are currently calling into gRPC, skipping fork() handlers
[07:43:22] done pico-012-r2 [46/70] done 461s accept_post=0
[07:43:22] start pico-014-r2 [django__django-13401]
I0826 07:44:36.878757 3818148 ev_poll_posix.cc:593] FD from fork parent still in poll list: fd(18, generation: 1)
I0826 07:45:59.797249 3824775 ev_poll_posix.cc:593] FD from fork parent still in poll list: fd(13, generation: 1)
[07:46:08] done pico-012-r1 [47/70] done 658s accept_post=1
[07:46:08] start pico-014-r3 [django__django-13401]
[07:46:15] done pico-014-r2 [48/70] done 173s accept_post=1
[07:46:15] start pico-014-r4 [django__django-13401]
[07:47:37] done pico-012-r5 [49/70] done 587s accept_post=0
[07:47:37] start pico-014-r5 [django__django-13401]
[07:47:50] done pico-014-r1 [50/70] done 350s accept_post=1
[07:47:50] start pico-015-r1 [matplotlib__matplotlib-26208]
[07:49:56] done pico-012-r3 [51/70] stopped after max_spend_tokens without a final answer 754s accept_post=0
[07:49:56] start pico-015-r2 [matplotlib__matplotlib-26208]
[07:50:11] done pico-012-r4 [52/70] stopped after max_spend_tokens without a final answer 742s accept_post=0
[07:50:11] start pico-015-r3 [matplotlib__matplotlib-26208]
[07:50:21] done pico-014-r3 [53/70] done 254s accept_post=0
[07:50:21] start pico-015-r4 [matplotlib__matplotlib-26208]
[07:50:53] done pico-014-r4 [54/70] done 278s accept_post=1
[07:50:53] start pico-015-r5 [matplotlib__matplotlib-26208]
I0826 07:51:26.934851 3364671 fork_posix.cc:71] Other threads are currently calling into gRPC, skipping fork() handlers
I0826 07:52:04.360041 3870076 ev_poll_posix.cc:593] FD from fork parent still in poll list: fd(3, generation: 1)
I0826 07:53:53.684106 3364671 fork_posix.cc:71] Other threads are currently calling into gRPC, skipping fork() handlers
[07:55:38] done pico-015-r1 [55/70] done 468s accept_post=0
[07:55:38] start pico-016-r1 [sphinx-doc__sphinx-9229]
[07:56:48] done pico-014-r5 [56/70] done 551s accept_post=1
[07:56:48] start pico-016-r2 [sphinx-doc__sphinx-9229]
[07:57:05] done pico-015-r3 [57/70] done 415s accept_post=0
[07:57:05] start pico-016-r3 [sphinx-doc__sphinx-9229]
I0826 07:57:36.244173 3364671 fork_posix.cc:71] Other threads are currently calling into gRPC, skipping fork() handlers
I0826 07:58:00.848792 3900421 ev_poll_posix.cc:593] FD from fork parent still in poll list: fd(15, generation: 1)
[08:01:09] done pico-015-r2 [58/70] done 673s accept_post=0
[08:01:09] start pico-016-r4 [sphinx-doc__sphinx-9229]
I0826 08:01:41.574283 3364671 fork_posix.cc:71] Other threads are currently calling into gRPC, skipping fork() handlers
[08:01:46] done pico-015-r4 [59/70] done 684s accept_post=0
[08:01:46] start pico-016-r5 [sphinx-doc__sphinx-9229]
I0826 08:04:33.389359 3364671 fork_posix.cc:71] Other threads are currently calling into gRPC, skipping fork() handlers
[08:05:37] done pico-015-r5 [60/70] done 884s accept_post=2
[08:05:37] start pico-017-r1 [django__django-10999]
[08:06:19] done pico-016-r1 [61/70] stopped after max_spend_tokens without a final answer 642s accept_post=1
[08:06:19] start pico-017-r2 [django__django-10999]
[08:07:09] done pico-017-r1 [62/70] done 92s accept_post=0
[08:07:09] start pico-017-r3 [django__django-10999]
I0826 08:07:13.341377 3364671 fork_posix.cc:71] Other threads are currently calling into gRPC, skipping fork() handlers
[08:08:04] done pico-017-r2 [63/70] done 105s accept_post=0
[08:08:04] start pico-017-r4 [django__django-10999]
[08:08:06] done pico-016-r2 [64/70] stopped after max_spend_tokens without a final answer 678s accept_post=1
[08:08:06] start pico-017-r5 [django__django-10999]
[08:08:10] done pico-016-r3 [65/70] done 665s accept_post=0
[08:08:20] done pico-017-r3 [66/70] done 72s accept_post=0
[08:09:14] done pico-017-r4 [67/70] done 69s accept_post=0
[08:09:39] done pico-017-r5 [68/70] done 92s accept_post=0
[08:12:41] done pico-016-r5 [69/70] stopped after max_spend_tokens without a final answer 656s accept_post=1
[08:13:57] done pico-016-r4 [70/70] stopped after max_spend_tokens without a final answer 768s accept_post=1
[08:13:57] run complete
