sympy/sympy 160
pylint-dev/pylint 86
pydata/xarray 68
mwaskom/seaborn 8
psf/requests 71
pallets/flask 60
enriched 20/453
enriched 40/453
enriched 60/453
enriched 80/453
enriched 100/453
enriched 120/453
enriched 140/453
enriched 160/453
enriched 180/453
enriched 200/453
enriched 220/453
enriched 240/453
enriched 260/453
enriched 280/453
enriched 300/453
enriched 320/453
enriched 340/453
enriched 360/453
enriched 380/453
enriched 400/453
enriched 420/453
enriched 440/453
enriched 453/453
wrote 453 /Users/hannahren/Documents/substack-data/2026-09-03/traffic/all.jsonl
ata/2026-09-03/fetch_issues.py", line 54, in <genexpr>
    ISSUE_FRAG.format(alias=k, owner=r["repo"].split("/")[0], name=r["repo"].split("/")[1], num=r["number"])
KeyError: ' nameWithOwner '
